// Jest Snapshot v1, https://goo.gl/fbAQLP

exports[`Matchs snapshot 1`] = `
<div
  className="sc-bdVaJa dIIIXG"
/>
`;
